// Jest Snapshot v1, https://goo.gl/fbAQLP

exports[`helper constants PLUGIN_NAME creates a pretty plugin instance name 1`] = `"[36mgatsby-source-api[39m [33mtest[39m"`;

exports[`helper constants PLUGIN_NAME matches its pretty snapshot 1`] = `"[36mgatsby-source-api[39m"`;

exports[`helper constants PLUGIN_NAME matches the snapshot 1`] = `"gatsby-source-api"`;
